// Jest Snapshot v1, https://goo.gl/fbAQLP

exports[`PostList Componenet should take a snapshot 1`] = `
<div
  class="container mx-auto"
  data-testid="post-list"
>
  <h1
    class="text-4xl leading-loose text-white"
  >
    Sortable Post List
  </h1>
   
</div>
`;
