// Jest Snapshot v1, https://goo.gl/fbAQLP

exports[`Post Componenet should take a snapshot 1`] = `
<div
  class="flex flex-row items-center max-w-md p-6 my-3 transition duration-500 ease-in-out transform bg-white rounded-lg shadow-xl hover:scale-110"
>
  <h1
    class="flex-grow text-xl leading-tight text-gray-900"
    data-testid="title"
  >
    
    Post 
  
  </h1>
   
  <div
    class="flex-grow-0"
  >
    <img
      alt="arrow"
      class="w-4 mb-5
    transform rotate-180 action__icon"
      data-testid="button-up"
      src=""
    />
     
    <img
      alt="arrow"
      class="w-4 action__icon"
      data-testid="button-down"
      src=""
    />
  </div>
</div>
`;
